$ node values_lints_eqeqeq_bad_js.js
{"stock":"0"}   sold out
{"stock":""}    sold out
{"stock":"12"}  in stock
{"stock":null}  in stock
{}              in stock
$ eslint --no-config-lookup --rule '{"eqeqeq": "error"}' values_lints_eqeqeq_bad_js.js

values_lints_eqeqeq_bad_js.js
  4:29  error  Expected '===' and instead saw '=='  eqeqeq

✖ 1 problem (1 error, 0 warnings)

exit status: 1
$ node values_lints_eqeqeq_good_js.js
{"stock":"0"}   sold out
{"stock":""}    unknown
{"stock":"12"}  in stock
{"stock":null}  unknown
{}              unknown
$ eslint --no-config-lookup --rule '{"eqeqeq": "error"}' values_lints_eqeqeq_good_js.js

values_lints_eqeqeq_good_js.js
  3:13  error  Expected '===' and instead saw '=='  eqeqeq

✖ 1 problem (1 error, 0 warnings)

exit status: 1
$ eslint --no-config-lookup --rule '{"eqeqeq": ["error", "always", {"null": "ignore"}]}' values_lints_eqeqeq_good_js.js
exit status: 0
$ eslint --no-config-lookup --rule '{"eqeqeq": ["error", "always", {"null": "ignore"}]}' values_lints_eqeqeq_bad_js.js

values_lints_eqeqeq_bad_js.js
  4:29  error  Expected '===' and instead saw '=='  eqeqeq

✖ 1 problem (1 error, 0 warnings)

exit status: 1
